Archive member included to satisfy reference by file (symbol)

./build/target/libucxos.a(crt0.o)
                              (_entry)
./build/target/libucxos.a(interrupt.o)
                              ./build/target/libucxos.a(crt0.o) (irq_enable)
./build/target/libucxos.a(libc.o)
                              ./build/target/libucxos.a(interrupt.o) (ucx_printf)
./build/target/libucxos.a(main.o)
                              ./build/target/libucxos.a(crt0.o) (main)
./build/target/libucxos.a(malloc.o)
                              ./build/target/libucxos.a(main.o) (ucx_heap_init)
./build/target/libucxos.a(muldiv.o)
                              ./build/target/libucxos.a(libc.o) (__mulsi3)
./build/target/libucxos.a(ucx.o)
                              ./build/app/edf_test.o (ucx_task_add_periodic)
./build/target/libucxos.a(dump.o)
                              ./build/target/libucxos.a(ucx.o) (ucx_hexdump)
./build/target/libucxos.a(hal.o)
                              ./build/target/libucxos.a(libc.o) (_putchar)

Discarded input sections

 .text          0x0000000000000000        0x0 ./build/app/edf_test.o
 .data          0x0000000000000000        0x0 ./build/app/edf_test.o
 .bss           0x0000000000000000        0x0 ./build/app/edf_test.o
 .data          0x0000000000000000        0x0 ./build/target/libucxos.a(crt0.o)
 .bss           0x0000000000000000        0x0 ./build/target/libucxos.a(crt0.o)
 .text          0x0000000000000000        0x0 ./build/target/libucxos.a(interrupt.o)
 .data          0x0000000000000000        0x0 ./build/target/libucxos.a(interrupt.o)
 .bss           0x0000000000000000        0x0 ./build/target/libucxos.a(interrupt.o)
 .rodata.exception_handler.str1.4
                0x0000000000000000       0x2c ./build/target/libucxos.a(interrupt.o)
 .text.exception_handler
                0x0000000000000000       0x38 ./build/target/libucxos.a(interrupt.o)
 .data.adc_vector
                0x0000000000000000       0x10 ./build/target/libucxos.a(interrupt.o)
 .data.dac_vector
                0x0000000000000000       0x10 ./build/target/libucxos.a(interrupt.o)
 .data.i2c_vector
                0x0000000000000000       0x10 ./build/target/libucxos.a(interrupt.o)
 .data.spi_vector
                0x0000000000000000       0x10 ./build/target/libucxos.a(interrupt.o)
 .data.uart_vector
                0x0000000000000000       0x40 ./build/target/libucxos.a(interrupt.o)
 .text          0x0000000000000000        0x0 ./build/target/libucxos.a(libc.o)
 .data          0x0000000000000000        0x0 ./build/target/libucxos.a(libc.o)
 .bss           0x0000000000000000        0x0 ./build/target/libucxos.a(libc.o)
 .text.ucx_strcpy
                0x0000000000000000       0x1c ./build/target/libucxos.a(libc.o)
 .text.ucx_strncpy
                0x0000000000000000       0x4c ./build/target/libucxos.a(libc.o)
 .text.ucx_strcat
                0x0000000000000000       0x4c ./build/target/libucxos.a(libc.o)
 .text.ucx_strncat
                0x0000000000000000       0x48 ./build/target/libucxos.a(libc.o)
 .text.ucx_strcmp
                0x0000000000000000       0x2c ./build/target/libucxos.a(libc.o)
 .text.ucx_strncmp
                0x0000000000000000       0x3c ./build/target/libucxos.a(libc.o)
 .text.ucx_strstr
                0x0000000000000000       0x50 ./build/target/libucxos.a(libc.o)
 .text.ucx_strlen
                0x0000000000000000       0x28 ./build/target/libucxos.a(libc.o)
 .text.ucx_strchr
                0x0000000000000000       0x24 ./build/target/libucxos.a(libc.o)
 .text.ucx_strpbrk
                0x0000000000000000       0x44 ./build/target/libucxos.a(libc.o)
 .text.ucx_strsep
                0x0000000000000000       0x60 ./build/target/libucxos.a(libc.o)
 .text.ucx_strtok
                0x0000000000000000       0x90 ./build/target/libucxos.a(libc.o)
 .text.ucx_strtol
                0x0000000000000000      0x120 ./build/target/libucxos.a(libc.o)
 .text.ucx_memcpy
                0x0000000000000000       0x24 ./build/target/libucxos.a(libc.o)
 .text.ucx_memmove
                0x0000000000000000       0x4c ./build/target/libucxos.a(libc.o)
 .text.ucx_memcmp
                0x0000000000000000       0x3c ./build/target/libucxos.a(libc.o)
 .text.ucx_abs  0x0000000000000000       0x10 ./build/target/libucxos.a(libc.o)
 .text.ucx_random
                0x0000000000000000       0x60 ./build/target/libucxos.a(libc.o)
 .text.ucx_srand
                0x0000000000000000        0xc ./build/target/libucxos.a(libc.o)
 .text.ucx_puts
                0x0000000000000000       0x4c ./build/target/libucxos.a(libc.o)
 .text.ucx_gets
                0x0000000000000000       0x64 ./build/target/libucxos.a(libc.o)
 .text.ucx_getline
                0x0000000000000000       0x74 ./build/target/libucxos.a(libc.o)
 .text.ucx_sprintf
                0x0000000000000000       0x40 ./build/target/libucxos.a(libc.o)
 .sbss.last.0   0x0000000000000000        0x4 ./build/target/libucxos.a(libc.o)
 .sdata.rand1   0x0000000000000000        0x4 ./build/target/libucxos.a(libc.o)
 .text          0x0000000000000000        0x0 ./build/target/libucxos.a(main.o)
 .data          0x0000000000000000        0x0 ./build/target/libucxos.a(main.o)
 .bss           0x0000000000000000        0x0 ./build/target/libucxos.a(main.o)
 .text          0x0000000000000000        0x0 ./build/target/libucxos.a(malloc.o)
 .data          0x0000000000000000        0x0 ./build/target/libucxos.a(malloc.o)
 .bss           0x0000000000000000        0x0 ./build/target/libucxos.a(malloc.o)
 .text.ucx_free
                0x0000000000000000       0x20 ./build/target/libucxos.a(malloc.o)
 .text.ucx_calloc
                0x0000000000000000       0x54 ./build/target/libucxos.a(malloc.o)
 .text.ucx_realloc
                0x0000000000000000       0xa4 ./build/target/libucxos.a(malloc.o)
 .text          0x0000000000000000        0x0 ./build/target/libucxos.a(muldiv.o)
 .data          0x0000000000000000        0x0 ./build/target/libucxos.a(muldiv.o)
 .bss           0x0000000000000000        0x0 ./build/target/libucxos.a(muldiv.o)
 .text.__mulsi3
                0x0000000000000000       0x2c ./build/target/libucxos.a(muldiv.o)
 .text.__muldsi3
                0x0000000000000000       0xac ./build/target/libucxos.a(muldiv.o)
 .text.__muldi3
                0x0000000000000000      0x128 ./build/target/libucxos.a(muldiv.o)
 .text.__udivmodsi4
                0x0000000000000000       0x60 ./build/target/libucxos.a(muldiv.o)
 .text.__divsi3
                0x0000000000000000       0x94 ./build/target/libucxos.a(muldiv.o)
 .text.__modsi3
                0x0000000000000000       0x94 ./build/target/libucxos.a(muldiv.o)
 .text.__ashldi3
                0x0000000000000000       0x38 ./build/target/libucxos.a(muldiv.o)
 .text.__ashrdi3
                0x0000000000000000       0x38 ./build/target/libucxos.a(muldiv.o)
 .text.__lshrdi3
                0x0000000000000000       0x38 ./build/target/libucxos.a(muldiv.o)
 .text.__udivmoddi4
                0x0000000000000000      0x198 ./build/target/libucxos.a(muldiv.o)
 .text.__umoddi3
                0x0000000000000000       0xfc ./build/target/libucxos.a(muldiv.o)
 .text.__udivdi3
                0x0000000000000000      0x16c ./build/target/libucxos.a(muldiv.o)
 .text.__moddi3
                0x0000000000000000      0x138 ./build/target/libucxos.a(muldiv.o)
 .text.__divdi3
                0x0000000000000000      0x1dc ./build/target/libucxos.a(muldiv.o)
 .text          0x0000000000000000        0x0 ./build/target/libucxos.a(ucx.o)
 .data          0x0000000000000000        0x0 ./build/target/libucxos.a(ucx.o)
 .bss           0x0000000000000000        0x0 ./build/target/libucxos.a(ucx.o)
 .text.ucx_task_yield
                0x0000000000000000       0x70 ./build/target/libucxos.a(ucx.o)
 .text.ucx_task_delay
                0x0000000000000000       0x4c ./build/target/libucxos.a(ucx.o)
 .text.ucx_task_suspend
                0x0000000000000000       0xcc ./build/target/libucxos.a(ucx.o)
 .text.ucx_task_resume
                0x0000000000000000       0xc4 ./build/target/libucxos.a(ucx.o)
 .text.ucx_task_priority
                0x0000000000000000       0xbc ./build/target/libucxos.a(ucx.o)
 .text.ucx_task_id
                0x0000000000000000       0x14 ./build/target/libucxos.a(ucx.o)
 .text.ucx_task_wfi
                0x0000000000000000       0x28 ./build/target/libucxos.a(ucx.o)
 .text.ucx_task_count
                0x0000000000000000       0x1c ./build/target/libucxos.a(ucx.o)
 .text          0x0000000000000000        0x0 ./build/target/libucxos.a(dump.o)
 .data          0x0000000000000000        0x0 ./build/target/libucxos.a(dump.o)
 .bss           0x0000000000000000        0x0 ./build/target/libucxos.a(dump.o)
 .text.ucx_printhex
                0x0000000000000000       0x60 ./build/target/libucxos.a(dump.o)
 .text          0x0000000000000000        0x0 ./build/target/libucxos.a(hal.o)
 .data          0x0000000000000000        0x0 ./build/target/libucxos.a(hal.o)
 .bss           0x0000000000000000        0x0 ./build/target/libucxos.a(hal.o)
 .text._kbhit   0x0000000000000000       0x10 ./build/target/libucxos.a(hal.o)
 .text._getchar
                0x0000000000000000       0x1c ./build/target/libucxos.a(hal.o)
 .text._delay_ms
                0x0000000000000000      0x110 ./build/target/libucxos.a(hal.o)
 .text._delay_us
                0x0000000000000000      0x10c ./build/target/libucxos.a(hal.o)
 .text._read_us
                0x0000000000000000       0x74 ./build/target/libucxos.a(hal.o)
 .sbss.tref.2   0x0000000000000000        0x4 ./build/target/libucxos.a(hal.o)
 .sbss.tval2.1  0x0000000000000000        0x4 ./build/target/libucxos.a(hal.o)

Memory Configuration

Name             Origin             Length             Attributes
RAM              0x0000000040000000 0x0000000000008000 xrw
*default*        0x0000000000000000 0xffffffffffffffff

Linker script and memory map

                0x0000000000000800                _stack_size = 0x800
                0x0000000040008000                _stack = _stack_start
                0x0000000040008000                _stack_start = (ORIGIN (RAM) + LENGTH (RAM))
                0x0000000040007800                _stack_end = (_stack_start - _stack_size)
                0x0000000040001b9c                _heap_start = _ebss
                0x0000000040007800                _heap_end = _stack_end
                0x0000000000005c64                _heap_size = (_stack_end - _ebss)
                0x0000000000000000                . = 0x0

.text
 *(.text.init)

.text           0x0000000040000000     0x177c
                0x0000000040000000                _text = .
 *(.text)
 .text          0x0000000040000000      0x224 ./build/target/libucxos.a(crt0.o)
                0x0000000040000000                _entry
                0x00000000400000e0                _bootsignature
                0x0000000040000100                _isr
                0x0000000040000198                _interrupt_set
                0x00000000400001b0                setjmp
                0x00000000400001d0                longjmp
                0x00000000400001f0                _dispatch_init
                0x000000004000021c                syscall
 *(.text.*)
 .text.task0_periodic
                0x0000000040000224        0x4 ./build/app/edf_test.o
                0x0000000040000224                task0_periodic
 .text.task1_periodic
                0x0000000040000228        0x4 ./build/app/edf_test.o
                0x0000000040000228                task1_periodic
 .text.task2_periodic
                0x000000004000022c        0x4 ./build/app/edf_test.o
                0x000000004000022c                task2_periodic
 .text.task3_periodic
                0x0000000040000230        0x4 ./build/app/edf_test.o
                0x0000000040000230                task3_periodic
 .text.task4_periodic
                0x0000000040000234        0x4 ./build/app/edf_test.o
                0x0000000040000234                task4_periodic
 .text.task_be  0x0000000040000238        0x4 ./build/app/edf_test.o
                0x0000000040000238                task_be
 .text.app_main
                0x000000004000023c       0xc0 ./build/app/edf_test.o
                0x000000004000023c                app_main
 .text.dummy_handler
                0x00000000400002fc        0xc ./build/target/libucxos.a(interrupt.o)
                0x00000000400002fc                timer0a_handler
                0x00000000400002fc                irq4_handler
                0x00000000400002fc                spi0_handler
                0x00000000400002fc                uart7tx_handler
                0x00000000400002fc                uart6tx_handler
                0x00000000400002fc                irq2_handler
                0x00000000400002fc                adc2_handler
                0x00000000400002fc                timer4ocr_handler
                0x00000000400002fc                irq7_handler
                0x00000000400002fc                timer3ocr_handler
                0x00000000400002fc                timer7ctc_handler
                0x00000000400002fc                uart7rx_handler
                0x00000000400002fc                uart4tx_handler
                0x00000000400002fc                uart2rx_handler
                0x00000000400002fc                porta_handler
                0x00000000400002fc                uart3rx_handler
                0x00000000400002fc                portd_handler
                0x00000000400002fc                uart2tx_handler
                0x00000000400002fc                uart3tx_handler
                0x00000000400002fc                portc_handler
                0x00000000400002fc                uart0rx_handler
                0x00000000400002fc                dummy_handler
                0x00000000400002fc                irq3_handler
                0x00000000400002fc                adc3_handler
                0x00000000400002fc                timer6ctc_handler
                0x00000000400002fc                irq1_handler
                0x00000000400002fc                adc1_handler
                0x00000000400002fc                i2c1_handler
                0x00000000400002fc                spi2_handler
                0x00000000400002fc                irq6_handler
                0x00000000400002fc                timer4ctc_handler
                0x00000000400002fc                dac2_handler
                0x00000000400002fc                timer5ctc_handler
                0x00000000400002fc                uart0tx_handler
                0x00000000400002fc                portb_handler
                0x00000000400002fc                dac0_handler
                0x00000000400002fc                uart5tx_handler
                0x00000000400002fc                spi1_handler
                0x00000000400002fc                uart1tx_handler
                0x00000000400002fc                i2c0_handler
                0x00000000400002fc                spi3_handler
                0x00000000400002fc                dac1_handler
                0x00000000400002fc                uart1rx_handler
                0x00000000400002fc                timer6ocr_handler
                0x00000000400002fc                uart6rx_handler
                0x00000000400002fc                uart5rx_handler
                0x00000000400002fc                timer2ocr_handler
                0x00000000400002fc                timer2ctc_handler
                0x00000000400002fc                timer7ocr_handler
                0x00000000400002fc                timer5ocr_handler
                0x00000000400002fc                adc0_handler
                0x00000000400002fc                timer3ctc_handler
                0x00000000400002fc                timer1ctc_handler
                0x00000000400002fc                i2c2_handler
                0x00000000400002fc                dac3_handler
                0x00000000400002fc                i2c3_handler
                0x00000000400002fc                timer1ocr_handler
                0x00000000400002fc                uart4rx_handler
                0x00000000400002fc                irq5_handler
 .text.irq0_handler
                0x0000000040000308      0x224 ./build/target/libucxos.a(interrupt.o)
                0x0000000040000308                irq0_handler
 .text.irq_enable
                0x000000004000052c       0x14 ./build/target/libucxos.a(interrupt.o)
                0x000000004000052c                irq_enable
 .text.irq_handler
                0x0000000040000540       0x50 ./build/target/libucxos.a(interrupt.o)
                0x0000000040000540                irq_handler
 .text.ucx_vsprintf
                0x0000000040000590      0x4c4 ./build/target/libucxos.a(libc.o)
 .text.ucx_memset
                0x0000000040000a54       0x20 ./build/target/libucxos.a(libc.o)
                0x0000000040000a54                ucx_memset
 .text.ucx_printf
                0x0000000040000a74       0x40 ./build/target/libucxos.a(libc.o)
                0x0000000040000a74                ucx_printf
 .text.startup.main
                0x0000000040000ab4       0xa4 ./build/target/libucxos.a(main.o)
                0x0000000040000ab4                main
 .text.ucx_malloc
                0x0000000040000b58       0xc0 ./build/target/libucxos.a(malloc.o)
                0x0000000040000b58                ucx_malloc
 .text.ucx_heap_init
                0x0000000040000c18       0x38 ./build/target/libucxos.a(malloc.o)
                0x0000000040000c18                ucx_heap_init
 .text.__udivsi3
                0x0000000040000c50       0x48 ./build/target/libucxos.a(muldiv.o)
                0x0000000040000c50                __udivsi3
 .text.__umodsi3
                0x0000000040000c98       0x40 ./build/target/libucxos.a(muldiv.o)
                0x0000000040000c98                __umodsi3
 .text.krnl_delay_update
                0x0000000040000cd8       0x58 ./build/target/libucxos.a(ucx.o)
 .text.krnl_stack_check
                0x0000000040000d30       0x6c ./build/target/libucxos.a(ucx.o)
 .text.show_stats
                0x0000000040000d9c       0xa4 ./build/target/libucxos.a(ucx.o)
                0x0000000040000d9c                show_stats
 .text.decrease_counters
                0x0000000040000e40      0x108 ./build/target/libucxos.a(ucx.o)
                0x0000000040000e40                decrease_counters
 .text.krnl_schedule_edf
                0x0000000040000f48      0x168 ./build/target/libucxos.a(ucx.o)
                0x0000000040000f48                krnl_schedule_edf
 .text.krnl_schedule
                0x00000000400010b0       0x84 ./build/target/libucxos.a(ucx.o)
                0x00000000400010b0                krnl_schedule
 .text.krnl_dispatcher
                0x0000000040001134       0x78 ./build/target/libucxos.a(ucx.o)
                0x0000000040001134                krnl_dispatcher
 .text.ucx_task_add_periodic
                0x00000000400011ac      0x1f8 ./build/target/libucxos.a(ucx.o)
                0x00000000400011ac                ucx_task_add_periodic
 .text.ucx_task_add
                0x00000000400013a4      0x1cc ./build/target/libucxos.a(ucx.o)
                0x00000000400013a4                ucx_task_add
 .text.ucx_hexdump
                0x0000000040001570      0x170 ./build/target/libucxos.a(dump.o)
                0x0000000040001570                ucx_hexdump
 .text._putchar
                0x00000000400016e0       0x1c ./build/target/libucxos.a(hal.o)
                0x00000000400016e0                _putchar
 .text.timer0b_handler
                0x00000000400016fc        0x4 ./build/target/libucxos.a(hal.o)
                0x00000000400016fc                timer0b_handler
 .text._hardware_init
                0x0000000040001700       0x3c ./build/target/libucxos.a(hal.o)
                0x0000000040001700                _hardware_init
 .text._timer_enable
                0x000000004000173c       0x14 ./build/target/libucxos.a(hal.o)
                0x000000004000173c                _timer_enable
 .text._timer_disable
                0x0000000040001750       0x14 ./build/target/libucxos.a(hal.o)
                0x0000000040001750                _timer_disable
 .text._interrupt_tick
                0x0000000040001764        0x8 ./build/target/libucxos.a(hal.o)
                0x0000000040001764                _interrupt_tick
 .text._context_init
                0x000000004000176c       0x10 ./build/target/libucxos.a(hal.o)
                0x000000004000176c                _context_init
                0x000000004000177c                _etext = .

.rela.dyn       0x000000004000177c        0x0
 .rela.text     0x000000004000177c        0x0 ./build/app/edf_test.o
 .rela.data.gpio_vector
                0x000000004000177c        0x0 ./build/app/edf_test.o
 .rela.data.irq_vector
                0x000000004000177c        0x0 ./build/app/edf_test.o
 .rela.data.timer_vector
                0x000000004000177c        0x0 ./build/app/edf_test.o
 .rela.text.startup.main
                0x000000004000177c        0x0 ./build/app/edf_test.o

.data           0x000000004000177c      0x3b4
                0x000000004000177c                _rodata = .
 *(.rdata)
 *(.rodata)
 *(.rodata.*)
 .rodata.dummy_handler.str1.4
                0x000000004000177c        0x5 ./build/target/libucxos.a(interrupt.o)
 *fill*         0x0000000040001781        0x3 
 .rodata.irq0_handler.str1.4
                0x0000000040001784       0x25 ./build/target/libucxos.a(interrupt.o)
 *fill*         0x00000000400017a9        0x3 
 .rodata.irq0_handler
                0x00000000400017ac       0x84 ./build/target/libucxos.a(interrupt.o)
 .rodata.ucx_vsprintf.str1.4
                0x0000000040001830       0x19 ./build/target/libucxos.a(libc.o)
 *fill*         0x0000000040001849        0x3 
 .rodata.ucx_vsprintf
                0x000000004000184c       0x84 ./build/target/libucxos.a(libc.o)
 .rodata.main.str1.4
                0x00000000400018d0       0x44 ./build/target/libucxos.a(main.o)
 .rodata.krnl_stack_check.str1.4
                0x0000000040001914       0x33 ./build/target/libucxos.a(ucx.o)
 *fill*         0x0000000040001947        0x1 
 .rodata.show_stats.str1.4
                0x0000000040001948       0x98 ./build/target/libucxos.a(ucx.o)
                                         0xce (size before relaxing)
 .rodata.decrease_counters.str1.4
                0x00000000400019e0       0x3e ./build/target/libucxos.a(ucx.o)
 *fill*         0x0000000040001a1e        0x2 
 .rodata.krnl_schedule_edf.str1.4
                0x0000000040001a20       0x25 ./build/target/libucxos.a(ucx.o)
 *fill*         0x0000000040001a45        0x3 
 .rodata.krnl_dispatcher.str1.4
                0x0000000040001a48       0x19 ./build/target/libucxos.a(ucx.o)
 *fill*         0x0000000040001a61        0x3 
 .rodata.ucx_task_add_periodic.str1.4
                0x0000000040001a64       0x51 ./build/target/libucxos.a(ucx.o)
                0x0000000040001ab5                _erodata = .
                0x0000000040001ab5                _data = .
 *(.data)
 *(.data.*)
 *fill*         0x0000000040001ab5        0x3 
 .data.gpio_vector
                0x0000000040001ab8       0x10 ./build/target/libucxos.a(interrupt.o)
                0x0000000040001ab8                gpio_vector
 .data.irq_vector
                0x0000000040001ac8       0x20 ./build/target/libucxos.a(interrupt.o)
                0x0000000040001ac8                irq_vector
 .data.timer_vector
                0x0000000040001ae8       0x40 ./build/target/libucxos.a(interrupt.o)
                0x0000000040001ae8                timer_vector
                0x0000000040002328                _gp = (. + 0x800)
 *(.sdata)
 *(.sdata.*)
 .sdata.kcb_p   0x0000000040001b28        0x4 ./build/target/libucxos.a(ucx.o)
                0x0000000040001b28                kcb_p
                0x0000000040001b30                . = ALIGN (0x10)
 *fill*         0x0000000040001b2c        0x4 
                0x0000000040001b30                _edata = .

.bss            0x0000000040001b30       0x6c
                0x0000000040001b30                . = ALIGN (0x4)
                0x0000000040001b30                _sbss = .
 *(.sbss)
 *(.sbss.*)
 .sbss.first_free
                0x0000000040001b30        0x4 ./build/target/libucxos.a(malloc.o)
                0x0000000040001b30                first_free
 .sbss.last_free
                0x0000000040001b34        0x4 ./build/target/libucxos.a(malloc.o)
                0x0000000040001b34                last_free
 *(.bss)
 *(.bss.*)
 .bss.kernel_state
                0x0000000040001b38       0x64 ./build/target/libucxos.a(ucx.o)
                0x0000000040001b38                kernel_state
                0x0000000040001b9c                . = ALIGN (0x4)
                0x0000000040001b9c                _ebss = .
                0x0000000040001b9c                _end = .

.heap           0x0000000040001b9c     0x5c64
                0x0000000040001b9c                . = ALIGN (0x4)
                0x0000000040001b9c                _heap_start = .
                0x0000000040007800                . = (. + _heap_size)
 *fill*         0x0000000040001b9c     0x5c64 
                0x0000000040007800                . = ALIGN (0x4)

.stack          0x0000000040007800      0x800
                0x0000000040007800                . = ALIGN (0x4)
                0x0000000040007800                _stack_end = .
                0x0000000040008000                . = (. + _stack_size)
 *fill*         0x0000000040007800      0x800 
                0x0000000040008000                _stack_start = .
                0x0000000040008000                . = ALIGN (0x4)
LOAD ./build/app/edf_test.o
LOAD ./build/target/libucxos.a
OUTPUT(./build/target/image.elf elf32-littleriscv)

.comment        0x0000000000000000       0x12
 .comment       0x0000000000000000       0x12 ./build/app/edf_test.o
                                         0x13 (size before relaxing)
 .comment       0x0000000000000012       0x13 ./build/target/libucxos.a(interrupt.o)
 .comment       0x0000000000000012       0x13 ./build/target/libucxos.a(libc.o)
 .comment       0x0000000000000012       0x13 ./build/target/libucxos.a(main.o)
 .comment       0x0000000000000012       0x13 ./build/target/libucxos.a(malloc.o)
 .comment       0x0000000000000012       0x13 ./build/target/libucxos.a(muldiv.o)
 .comment       0x0000000000000012       0x13 ./build/target/libucxos.a(ucx.o)
 .comment       0x0000000000000012       0x13 ./build/target/libucxos.a(dump.o)
 .comment       0x0000000000000012       0x13 ./build/target/libucxos.a(hal.o)

.riscv.attributes
                0x0000000000000000       0x1c
 .riscv.attributes
                0x0000000000000000       0x1c ./build/app/edf_test.o
 .riscv.attributes
                0x000000000000001c       0x1a ./build/target/libucxos.a(crt0.o)
 .riscv.attributes
                0x0000000000000036       0x1c ./build/target/libucxos.a(interrupt.o)
 .riscv.attributes
                0x0000000000000052       0x1c ./build/target/libucxos.a(libc.o)
 .riscv.attributes
                0x000000000000006e       0x1c ./build/target/libucxos.a(main.o)
 .riscv.attributes
                0x000000000000008a       0x1c ./build/target/libucxos.a(malloc.o)
 .riscv.attributes
                0x00000000000000a6       0x1c ./build/target/libucxos.a(muldiv.o)
 .riscv.attributes
                0x00000000000000c2       0x1c ./build/target/libucxos.a(ucx.o)
 .riscv.attributes
                0x00000000000000de       0x1c ./build/target/libucxos.a(dump.o)
 .riscv.attributes
                0x00000000000000fa       0x1c ./build/target/libucxos.a(hal.o)
